---
source: crates/repoask-parser/src/oxc.rs
assertion_line: 520
expression: symbols
---
[
  {
    "name": "AuthService",
    "kind": "Class",
    "filepath": "src/auth.ts",
    "start_line": 3,
    "end_line": 8,
    "params": [],
    "signature_preview": "AuthService",
    "comment": null,
    "export": {
      "publicness": "Public",
      "export_kind": "Named",
      "container": null
    }
  },
  {
    "name": "constructor",
    "kind": "Method",
    "filepath": "src/auth.ts",
    "start_line": 4,
    "end_line": 4,
    "params": [
      "db"
    ],
    "signature_preview": "constructor(db)",
    "comment": null,
    "export": {
      "publicness": "Private",
      "export_kind": "ModuleMember",
      "container": "AuthService"
    }
  },
  {
    "name": "validateToken",
    "kind": "Method",
    "filepath": "src/auth.ts",
    "start_line": 5,
    "end_line": 7,
    "params": [
      "token"
    ],
    "signature_preview": "validateToken(token)",
    "comment": null,
    "export": {
      "publicness": "Private",
      "export_kind": "ModuleMember",
      "container": "AuthService"
    }
  },
  {
    "name": "AuthConfig",
    "kind": "Interface",
    "filepath": "src/auth.ts",
    "start_line": 10,
    "end_line": 13,
    "params": [],
    "signature_preview": "AuthConfig",
    "comment": null,
    "export": {
      "publicness": "Public",
      "export_kind": "Named",
      "container": null
    }
  },
  {
    "name": "AuthResult",
    "kind": "Type",
    "filepath": "src/auth.ts",
    "start_line": 15,
    "end_line": 15,
    "params": [],
    "signature_preview": "AuthResult",
    "comment": null,
    "export": {
      "publicness": "Public",
      "export_kind": "Named",
      "container": null
    }
  },
  {
    "name": "createAuth",
    "kind": "Function",
    "filepath": "src/auth.ts",
    "start_line": 17,
    "end_line": 17,
    "params": [
      "config"
    ],
    "signature_preview": "createAuth(config)",
    "comment": null,
    "export": {
      "publicness": "Public",
      "export_kind": "Named",
      "container": null
    }
  },
  {
    "name": "Role",
    "kind": "Enum",
    "filepath": "src/auth.ts",
    "start_line": 19,
    "end_line": 19,
    "params": [],
    "signature_preview": "Role",
    "comment": null,
    "export": {
      "publicness": "Private",
      "export_kind": "None",
      "container": null
    }
  }
]
